[gurbanichanan.org/index.html]
[backblue.gif]
[fade.gif]
[index.html]
[gurbanichanan.org/manifest.webmanifest]
[gurbanichanan.org/sw.js]
[gurbanichanan.org/magazine.html]
[gurbanichanan.org/activities.html]
[img1.wsimg.com/blobby/go/f8a37975-36a1-45a2-b132-c7e29397eeef/gpub/51d718a1113223d1/script.js]
[img1.wsimg.com/blobby/go/f8a37975-36a1-45a2-b132-c7e29397eeef/gpub/85e2df556a793a95/script.js]
[img1.wsimg.com/poly/v3/polyfill.min6ee5.js]
[img1.wsimg.com/ceph-p3-01/website-builder-data-prod/static/widgets/UX.4.34.7.js]
[img1.wsimg.com/signals/js/clients/tccl/tccl.min.js]
[gurbanichanan.org/index.html]
[img1.wsimg.com/blobby/go/f8a37975-36a1-45a2-b132-c7e29397eeef/gpub/9d7f059fcbcf5756/script.js]
[gurbanichanan.org/magazine.html]
[img1.wsimg.com/blobby/go/f8a37975-36a1-45a2-b132-c7e29397eeef/gpub/902f82d35a3a009d/script.js]
[img1.wsimg.com/blobby/go/f8a37975-36a1-45a2-b132-c7e29397eeef/gpub/a455f0175d47a78c/script.js]
[gurbanichanan.org/activities.html]
[img1.wsimg.com/blobby/go/f8a37975-36a1-45a2-b132-c7e29397eeef/gpub/e53c5cc3ec367139/script.js]
